14:23:31.633788500 | ABSENT
14:23:43.461632100 | 2026-06-10 14:23:42.913027200 +0300 2
[]
14:24:00.200423100 | 2026-06-10 14:23:59.974083000 +0300 215
[
  {
    "from": "team-lead",
    "text": "PROBE-1B message 2/3, sent at 14:23:51",
    "summary": "probe message 2 of 3",
    "timestamp": "2026-06-10T11:23:59.954Z",
    "type": "message",
    "read": false
  }
]
14:24:00.829460900 | 2026-06-10 14:24:00.116894800 +0300 2
[]
14:24:15.348776000 | 2026-06-10 14:24:00.116894800 +0300 2
[
  {
    "from": "team-lead",
    "text": "PROBE-1B message 3/3, sent at 14:24:08",
    "summary": "probe message 3 of 3",
    "timestamp": "2026-06-10T11:24:15.204Z",
    "type": "message",
    "read": false
  }
]
14:24:15.921792800 | 2026-06-10 14:24:15.384727100 +0300 2
[]
